login as: djcassid
djcassid@cs03.cs.iusb.edu's password:
Last login: Sat Feb  1 00:05:02 2014 from c-71-229-86-115.hsd1.in.comcast.net


                          Welcome to cs03.cs.iusb.edu!

All workstations are patched and rebooted on a tentative maintenance schedule
taking place on the Friday morning of every week.  Manage your time wisely and
make arrangments for this activity.  Performance IS impacted during this time.

                             !!!  DISCLAIMERS  !!!

Hosts cs01 through cs10 are designated solely for SSH-2 remote access, and will
be rebooted for maintenance and emergency purposes ONLY, by the SysAdmin!

Remotely log-in to any OTHER CS Lab Workstation AT YOUR OWN RISK!

                                      ---

                         ALWAYS BACK UP YOUR OWN DATA!

Neither Indiana University nor the IUSB Department of Computer Science are
responsible for the state or storage of your files and data.  If this is unclear
to you, ask your friendly neighborhood SysAdmin (in Northside 203) to clarify.

/usr/bin/xauth:  creating new authority file /home/djcassid/.Xauthority
[djcassid@cs03 ~]$ gedit
[djcassid@cs03 ~]$ klines
[djcassid@cs03 ~]$ ssh cs150.cs.iusb.edu -XY
The authenticity of host 'cs150.cs.iusb.edu (149.161.65.150)' can't be established.
RSA key fingerprint is 16:fd:a2:19:58:46:38:68:cd:dc:cf:ec:44:38:9a:ca.
Are you sure you want to continue connecting (yes/no)? y
Please type 'yes' or 'no': yes
Warning: Permanently added 'cs150.cs.iusb.edu,149.161.65.150' (RSA) to the list of known hosts.
djcassid@cs150.cs.iusb.edu's password:


                          Welcome to cs150!

All workstations are patched and rebooted on a tentative maintenance schedule
taking place on the Friday morning of every week.  Manage your time wisely and
make arrangments for this activity.  Performance IS impacted during this time.

                             !!!  DISCLAIMERS  !!!

Hosts cs01 through cs10 are designated solely for SSH-2 remote access, and will
be rebooted for maintenance and emergency purposes ONLY, by the System Admin!

Remotely log-in to any OTHER CS Lab Workstation AT YOUR OWN RISK!

                                      ---

                         ALWAYS BACK UP YOUR OWN DATA!

Neither Indiana University nor the IUSB Department of Computer Science are
responsible for the state or storage of your files and data.  If this is unclear
to you, ask your friendly neighborhood SysAdmin (in Northside 203) to clarify.

[djcassid@cs150 ~]$ cd c151
[djcassid@cs150 c151]$ mkdir week2
[djcassid@cs150 c151]$ cd week2
[djcassid@cs150 week2]$ ftp ftp.ubisoft.com
Connected to ftp.ubisoft.com (216.98.55.24).
220 ProFTPD 1.3.5 Server (ubi.com FTP Servers) [172.16.37.9]
Name (ftp.ubisoft.com:djcassid): anonymous
331 Anonymous login ok, send your complete email address as your password
Password:
230-Welcome, archive user anonymous@149.161.65.150 !

 The local time is: Sun Feb 02 17:18:49 2014

 This is an experimental FTP server.  If have any unusual problems,
 please report them via e-mail to <webmaster@ubisoft.com>.

230 Anonymous access granted, restrictions apply
Remote system type is UNIX.
Using binary mode to transfer files.
ftp> ls
227 Entering Passive Mode (216,98,55,24,96,86).
150 Opening ASCII mode data connection for file list
drwxr-xr-x   4 ftp      ftp            50 Jul 12  2001 7k2
drwxr-xr-x   2 ftp      ftp            25 Oct 15  1999 addon
drwxr-xr-x   3 ftp      ftp            20 Nov 26  1999 Alex
drwxr-xr-x   4 ftp      ftp            51 Jan 18  1999 CDPatcher
drwxr-xr-x   2 ftp      ftp            35 Nov  5  1999 clips
drwxr-xr-x   3 ftp      ftp            62 Nov 25  1999 corsairs
drwxr-xr-x  13 ftp      ftp          4096 Oct 12  1999 Demos
-rw-r--r--   1 ftp      ftp      39784388 Jan 18  1999 EDIMAG.AVI
drwxr-xr-x   4 ftp      ftp           118 Jan 18  1999 F1Racing
drwxr-xr-x  78 ftp      ftp          4096 Jan 31  2012 games
drwxr-xr-x   7 ftp      ftp          4096 Jan 31  2002 GameService
drwxr-xr-x   2 ftp      ftp            62 Feb 24  2000 Hype
drwxr-xr-x   3 ftp      ftp            17 Oct 26  1999 images
drwxr-xr-x   4 ftp      ftp            31 Feb  4  2000 monaco
drwxr-xr-x   4 ftp      ftp          4096 Jan 18  1999 nad
drwxr-xr-x   2 ftp      ftp           109 Jan 18  1999 podtheme
drwxr-xr-x   3 ftp      ftp            74 Jan 18  1999 PodUpgrade
drwxr-xr-x   3 ftp      ftp            20 Nov 26  1999 RayForever
drwxr-xr-x   3 ftp      ftp            94 Dec  8  1999 Rayman2
drwxr-xr-x   8 ftp      ftp            86 Dec 22  1999 Redline
drwxr-xr-x   2 ftp      ftp            30 Dec  2  1999 sevenkingdoms
drwxr-xr-x   3 ftp      ftp           135 Dec 10  1999 shadowcompany
drwxr-xr-x   5 ftp      ftp            63 Nov 12  1999 Sound
drwxr-xr-x   3 ftp      ftp            20 Nov 26  1999 SpeedBusters
drwxr-xr-x   3 ftp      ftp           102 Nov 24  1999 speeddevils
drwxr-xr-x   3 ftp      ftp            22 Nov 17  1999 suzuki
drwxr-xr-x   4 ftp      ftp            58 Dec  9  1999 TonicTrouble
-rw-r--r--   1 ftp      ftp      13356328 Jan 18  1999 TT_PRE~1.AVI
drwxr-xr-x   3 ftp      ftp            35 Oct 24  2003 UK
-rw-r--r--   1 ftp      ftp           180 Jan 24  2002 welcome.msg
drwxr-xr-x   3 ftp      ftp            18 Mar 10  2000 wst
226 Transfer complete
ftp> cd SpeedBusters
250 CWD command successful
ftp> ls
227 Entering Passive Mode (216,98,55,24,18,171).
150 Opening ASCII mode data connection for file list
drwxr-xr-x   2 ftp      ftp            30 Nov 26  1999 manuals
226 Transfer complete
ftp> cd manuals
250 CWD command successful
ftp> mget *.pdf
mget speed busters.pdf? y
227 Entering Passive Mode (216,98,55,24,113,251).
150 Opening BINARY mode data connection for speed busters.pdf (854597 bytes)
226 Transfer complete
854597 bytes received in 0.742 secs (1151.00 Kbytes/sec)
ftp> 221 Goodbye.
[djcassid@cs150 week2]$ ls
speed busters.pdf
[djcassid@cs150 week2]$ evince speed\ busters.pdf

** (evince:9195): WARNING **: Failed to create dbus proxy for org.gnome.SettingsDaemon: Could not get owner of name 'org.gnome.SettingsDaemon': no such name
[djcassid@cs150 week2]$ logoff
-bash: logoff: command not found
[djcassid@cs150 week2]$ logout

exit
^CKilled by signal 2.
[djcassid@cs03 ~]$ wget http://www.cs.iusb.edu/~danav/teach/c151/penguin.jpg
--2014-02-02 12:28:45--  http://www.cs.iusb.edu/~danav/teach/c151/penguin.jpg
Resolving www.cs.iusb.edu... 149.161.65.48
Connecting to www.cs.iusb.edu|149.161.65.48|:80... connected.
HTTP request sent, awaiting response... 200 OK
Length: 80607 (79K) [image/jpeg]
Saving to: “penguin.jpg”

100%[======================================>] 80,607      --.-K/s   in 0.002s

2014-02-02 12:28:46 (45.6 MB/s) - “penguin.jpg” saved [80607/80607]

[djcassid@cs03 ~]$ display penguin.jpg
[djcassid@cs03 ~]$ mv penguin.jpg ./c151/week2/
[djcassid@cs03 ~]$ cd c151/week2
[djcassid@cs03 week2]$ hostname
cs03.cs.iusb.edu
[djcassid@cs03 week2]$ ping ads.iu.edu
PING ads.iu.edu (134.68.239.129) 56(84) bytes of data.
64 bytes from iu-mssg-adsdc02.ads.iu.edu (134.68.239.129): icmp_seq=1 ttl=123 time=7.39 ms
64 bytes from iu-mssg-adsdc02.ads.iu.edu (134.68.239.129): icmp_seq=2 ttl=123 time=7.39 ms
64 bytes from iu-mssg-adsdc02.ads.iu.edu (134.68.239.129): icmp_seq=3 ttl=123 time=7.41 ms
64 bytes from iu-mssg-adsdc02.ads.iu.edu (134.68.239.129): icmp_seq=4 ttl=123 time=7.36 ms
^C
--- ads.iu.edu ping statistics ---
4 packets transmitted, 4 received, 0% packet loss, time 3240ms
rtt min/avg/max/mdev = 7.368/7.393/7.419/0.063 ms
[djcassid@cs03 week2]$ echo $HOME
/home/djcassid
[djcassid@cs03 week2]$ echo $USER
djcassid
[djcassid@cs03 week2]$ echo $HOSTNAME
cs03.cs.iusb.edu
[djcassid@cs03 week2]$ echo $PATH
/usr/lib64/qt-3.3/bin:/usr/local/bin:/bin:/usr/bin:/usr/local/sbin:/usr/sbin:/sbin:/home/djcassid/bin
[djcassid@cs03 week2]$ PATH="./:"$PATH
[djcassid@cs03 week2]$ echo $PATH
./:/usr/lib64/qt-3.3/bin:/usr/local/bin:/bin:/usr/bin:/usr/local/sbin:/usr/sbin:/sbin:/home/djcassid/bin
[djcassid@cs03 week2]$ cd
[djcassid@cs03 ~]$ ln -s Documents docs
[djcassid@cs03 ~]$ ls -l
total 8
drwxrwxr-x. 4 djcassid djcassid 4096 Feb  2 12:18 c151
lrwxrwxrwx. 1 djcassid djcassid    9 Feb  2 12:33 docs -> Documents
drwx------. 2 djcassid djcassid 4096 Jan 15 17:19 mail
[djcassid@cs03 ~]$ ls /mnt
[djcassid@cs03 ~]$
